Ry,-j&N+6w;OnC!憣EhQHT*x~	C!tf?'Dn.S}Sج/	tXW(э_f4*Zxs7Rl~
8frٮ6\B,ף2Ѭrjji~F/4SSDN%&u㢏 ZiU8& )ƻ?bd\\2xLdm[ģ^X]ju +	%O>Y)OPvQaW\ s_/ENxz^c,̊2FITB}cs؎.QlԞa29l{#{ݡM0i䃏?)P[ޯ;1g(pQ`/RwHj<R:LyYԼi^	Նuljy ּ_X9waM*ԓ3W܈ǁyC".~aꘫ˛ϊ_'Z_]glORre}ۙ\9fZIU^y7n[@X@U-~;8uvpZE|oާ@Uf(<ʢp-.8|oy3"8#/M`fqjTAV'ܩa绰'Wca3hT9EYr~	z!qgkGڿI;	+OTv8A(1TM#|(!7ڏ繚̹ mU<o͊-hxjaX Kr"n'1ɟ^EY+߅dpBIː
Q
]4i"u[n<b8л"!qpX鱴0 [ޕ6S\q͓ BI2##ՔuB|v5`,yi}(̩-lEnǀؕjIy3)sӆ J~~3 *QŶIC'.1$Y@`v(Ñb=D\t͖/wE99e5gOci+&ɸ]Ml$ʗT=-K- >#pRDSosx'FNO8lݮF,;A"}[BdZ$rci\-#`T@
cQyP{|HҚLܾX⺹̝WLʬ
XP@2qǬb/'Տ;ny_͡C`;Dl
|YV,_΂$_fz¤9A#i<׺R^~